// Jest Snapshot v1, https://goo.gl/fbAQLP

exports[`ButtonRow component matches snapshot 1`] = `
<div
  className="wrapper"
>
  <span
    className="label"
  >
    Counter bass
  </span>
  <div
    className="rowContainer"
  />
</div>
`;
